com\fpdual\hibernate\persistence\ContractDaoI.class
com\fpdual\hibernate\persistence\CommonDaoI.class
com\fpdual\hibernate\persistence\ContractDaoImpl.class
com\fpdual\hibernate\servlets\EditClientServlet.class
com\fpdual\hibernate\Utils.class
com\fpdual\hibernate\servlets\CreateContractServlet.class
com\fpdual\hibernate\servlets\DeleteClientServlet.class
com\fpdual\hibernate\servlets\CreateClientServlet.class
com\fpdual\hibernate\persistence\AbstractEntity.class
com\fpdual\hibernate\servlets\ViewClientServlet.class
com\fpdual\hibernate\persistence\Client.class
com\fpdual\hibernate\services\ClientManagementServiceImpl.class
com\fpdual\hibernate\InitializeData.class
com\fpdual\hibernate\servlets\EditContractServlet.class
com\fpdual\hibernate\persistence\Contract.class
com\fpdual\hibernate\servlets\SearchClientServlet.class
com\fpdual\hibernate\HibernateUtil.class
com\fpdual\hibernate\services\ContractManagementServiceImpl.class
com\fpdual\hibernate\persistence\ClientDaoImpl.class
com\fpdual\hibernate\persistence\ClientDaoI.class
com\fpdual\hibernate\servlets\ListClientServlet.class
com\fpdual\hibernate\App.class
com\fpdual\hibernate\services\ClientManagementServiceI.class
com\fpdual\hibernate\Constants.class
com\fpdual\hibernate\services\ContractManagementServiceI.class
com\fpdual\hibernate\persistence\CommonDaoImpl.class
com\fpdual\hibernate\servlets\DeleteContractServlet.class
